Niklas@NiKo MINGW64 ~
$ cd ^M
bash: cd: ^M: No such file or directory

Niklas@NiKo MINGW64 ~
$ cd D:/4BHW/Binaersuche

Niklas@NiKo MINGW64 /d/4BHW/Binaersuche
$ git init
Initialized empty Git repository in D:/4BHW/Binaersuche/.git/

Niklas@NiKo MINGW64 /d/4BHW/Binaersuche (master)
$ mv .gitignore.txt .gitignore

Niklas@NiKo MINGW64 /d/4BHW/Binaersuche (master)
$ git add .gitignore

Niklas@NiKo MINGW64 /d/4BHW/Binaersuche (master)
$ git add src

Niklas@NiKo MINGW64 /d/4BHW/Binaersuche (master)
$ git status
On branch master

Initial commit

Changes to be committed:
  (use "git rm --cached <file>..." to unstage)

        new file:   .gitignore
        new file:   src/Binaer.java

Untracked files:
  (use "git add <file>..." to include in what will be committed)

        .classpath
        .project
        .settings/


Niklas@NiKo MINGW64 /d/4BHW/Binaersuche (master)
$ git commit -m "first commit"
[master (root-commit) b339eb2] first commit
 2 files changed, 44 insertions(+)
 create mode 100644 .gitignore
 create mode 100644 src/Binaer.java

Niklas@NiKo MINGW64 /d/4BHW/Binaersuche (master)
$ git remote add origin https://github.com/Niklas1811/SWP-OP.git

Niklas@NiKo MINGW64 /d/4BHW/Binaersuche (master)
$ git push -u origin master
Counting objects: 5, done.
Delta compression using up to 8 threads.
Compressing objects: 100% (3/3), done.
Writing objects: 100% (5/5), 732 bytes | 0 bytes/s, done.
Total 5 (delta 0), reused 0 (delta 0)
To https://github.com/Niklas1811/SWP-OP.git
 * [new branch]      master -> master
Branch master set up to track remote branch master from origin.

Niklas@NiKo MINGW64 /d/4BHW/Binaersuche (master)
$
